lang
c
http://linuxjf.sourceforge.jp/JFdocs/kernel-docs-2.6/CodingStyle.html
http://www.jpcert.or.jp/sc-rules/
http://www.textdrop.net/google-styleguide-ja/cppguide.xml
http://itsd210.s24.xrea.com/ja/ansi-c/
http://www.c-tipsref.com/reference.html
http://www.asahi-net.or.jp/~wg5k-ickw/
http://www.gnu.org/software/hello/
http://www.kernel.org/doc/Documentation/CodingStyle
http://gcc.gnu.org/onlinedocs/gcc-4.1.0/gcc/
http://www.fireproject.jp/pc_cluster/mpi/intro/hello.html
http://en.cppreference.com/w/
python
http://docs.python.org/py3k/
http://docs.python.org/2.7/
http://www.python.org/dev/peps/pep-0008/
http://oldriver.org/python/pep-0008j.html
http://works.surgo.jp/translation/pyguide.html
http://www.doughellmann.com/PyMOTW-ja/contents.html
http://diveintopython3-ja.rdy.jp/
http://wiki.python.org/moin/CheeseShopTutorial
http://d.hatena.ne.jp/niitsuma/20080209/1203184397
http://mypaint.intilinux.com/
https://www.python.org/dev/peps/pep-0257/
http://www.nasuinfo.or.jp/FreeSpace/kenji/sf/python/virtualMachine/PyVM.htm
https://docs.python.org/devguide/
https://hg.python.org/cpython/
http://postd.cc/python-internals-pyobject/
http://methane.hatenablog.jp/entry/20090702/1246556675
java
http://www.ne.jp/asahi/hishidama/home/tech/java/index.html
http://www5c.biglobe.ne.jp/~ecb/java/java00.html
http://developer.android.com/guide/index.html
http://docs.oracle.com/javase/jp/6/api/overview-summary.html
http://docs.oracle.com/javase/jp/6/api/
https://google.github.io/styleguide/javaguide.html
http://docs.oracle.com/javase/8/docs/api/index.html
http://gradle.monochromeroad.com/docs/userguide/userguide.html
https://docs.oracle.com/javase/specs/jls/se7/html/index.html
groovy
http://kakutani.com/trans/ociweb/jnbFeb2004.html
http://www.ibm.com/developerworks/jp/java/library/j-pg06239.html
golang
http://golang-jp.org/doc/
http://golang.jp/
https://go-tour-jp.appspot.com/welcome/1
http://www.haskell.org/haskellwiki/Introduction
http://ja.wikibooks.org/wiki/48%E6%99%82%E9%96%93%E3%81%A7Scheme%E3%82%92%E6%9B%B8%E3%81%93%E3%81%86
http://ja.wikipedia.org/wiki/Factor
http://concatenative.org/wiki/view/Factor/Examples
http://oss.infoscience.co.jp/factor/concatenative.org/wiki/view/Factor/index.html
pygames
http://2dgames.jp/tag/%e8%90%bd%e3%81%a1%e3%82%b2%e3%83%bc/
http://www.unixuser.org/~euske/doc/pygame/ChimpLineByLine-j.html
http://d.hatena.ne.jp/aidiary/20080507/1269694935
http://www5f.biglobe.ne.jp/~kenmo/program/program_ind.htm
make
http://quruli.ivory.ne.jp/document/make_3.79.1/make-jp_toc.html
http://www.gnu.org/software/autoconf/manual/autoconf.html#Portable-Shell
http://akihiro-i.net/~akihiro-i/wiki/index.php?gcc%A4%F2%BB%C8%A4%A6%BE%E5%A4%C7%A4%CE%A5%E1%A5%E2%A1%CAstatic%A5%E9%A5%A4%A5%D6%A5%E9%A5%EA%A1%A4nm%A1%A4strip%A1%A4file%A1%A4dynamic%A5%E9%A5%A4%A5%D6%A5%E9%A5%EA%A1%A2readelf%A1%A4objdump%A1%CB
sql
http://sqlite.org/
http://www.kkaneko.com/rinkou/sqlite/sqlitecommand.html
http://dev.mysql.com/doc/
http://homepage2.nifty.com/sak/w_sak3/doc/sysbrd/sak3sql.htm
http://rfs.jp/sb/sql
gtk
http://www.gtk.org/
http://www.kitanet.ne.jp/~asler/linux/gtk/ja/gtk_tut_ja.html#toc3
http://zetcode.com/tutorials/gtktutorial/
http://developer.gnome.org/gtk/stable/
http://developer.gnome.org/gtk-tutorial/stable/
http://scentric.net/tutorial/
http://pygtk.org/
http://pygtk.org/tutorial.html
http://python-gtk-3-tutorial.readthedocs.org/en/latest/index.html
https://live.gnome.org/PyGObject
https://developer.mozilla.org/en-US/
http://php.net/manual/ja/
http://labs.timedia.co.jp/2015/01/how-to-use-ghost.html
js
https://developer.mozilla.org/en-US/docs/Web/JavaScript
http://taiju.hatenablog.com/entry/20090706/1246840565
https://developer.mozilla.org/ja/docs/JavaScript_style_guide
http://d.hatena.ne.jp/yuyakko/20100503/1272879683
http://nodejs.jp/nodejs.org_ja/docs/v0.10/api/
http://nodejs.jp/nodejs.org_ja/api/
https://github.com/joyent/node
https://www.npmjs.org/doc/files/package.json.html
http://wiki.commonjs.org/wiki/Packages/1.1
http://liberty-technology.biz/PublicItems/npm/package.json.html
http://popkirby.github.io/contents/nodeguide/style.html
http://qiita.com/fnobi/items/f6b1574fb9f4518ed520
socket.io
http://jxck.github.io/socket.io/
http://socket.io/
http://jxck.hatenablog.com/entry/20110730/1312042603
https://github.com/Automattic/socket.io
http://dev.classmethod.jp/server-side/socket-io-client/
https://www.npmjs.org/package/socket.io-client
http://lealog.hateblo.jp/entry/2012/10/07/171006
http://testcording.com/?p=1223
grunt
http://gruntjs.com/
http://qiita.com/svartalfheim/items/3968fd94da05f565d18f
http://gruntjs.com/api/inside-tasks
testing
http://chaijs.com/guide/
http://chaijs.com/api/bdd/
http://d.hatena.ne.jp/hokaccha/20111202/1322840375
http://mochajs.org/
http://qiita.com/muddydixon/items/e8a1f1bf9ca096a81c3b
http://gulpjs.com/
https://developer.mozilla.org/ja/
scheme
http://practical-scheme.net/gauche/index-j.html
http://practical-scheme.net/gauche/memo-j.html
http://practical-scheme.net/gauche/man/gauche-refj.html
http://practical-scheme.net/gauche/man/gauche-refe.html
http://www.sampou.org/scheme/t-y-scheme/t-y-scheme-Z-H-1.html
http://practical-scheme.net/wiliki/wiliki.cgi?R6RS%3A%E7%BF%BB%E8%A8%B3
http://www.shido.info/lisp/idx_scm.html
http://www.stdio.h.kyoto-u.ac.jp/~hioki/gairon-enshuu/SchemeNotes/scheme.html
http://www.geocities.jp/m_hiroi/func/scheme.html
http://www.sci.u-toyama.ac.jp/~iwao/Scheme/scheme.html
scala
http://www.scala-lang.org/documentation/
http://docs.scala-lang.org/ja/overviews/
http://jp.scala-users.org/
https://github.com/scala/scala
http://xerial.org/scala-cookbook/
http://bach.istc.kobe-u.ac.jp/lect/ProLang/org/scala.html
https://sites.google.com/site/scalajp/home/documentation/introduction
http://www.ne.jp/asahi/hishidama/home/tech/scala/index.html
http://twitter.github.io/effectivescala/index-ja.html
http://doc.akka.io/docs/akka/2.3.10/scala.html
http://www.scala-lang.org/api/current/#package
https://playframework.com/documentation/ja/2.2.x/Home
https://www.playframework.com/documentation/2.3.x/api/scala/index.html#package
https://etorreborre.github.io/specs2/api/SPECS2-3.6.1/index.html#package
https://etorreborre.github.io/specs2/api/SPECS2-2.3.12/index.html#package
http://akka.io/docs/?_ga=1.98685212.323169702.1433125746
http://doc.akka.io/api/akka/2.3.11/?_ga=1.53547690.323169702.1433125746#package
http://rosettacode.org/wiki/Rosetta_Code
http://blog.8arrow.org/entry/2014/10/23/063044
http://yaml.org/spec/current.html
